{
  "TextStyle": null,
  "RootAtom": {
    "[AtomType]": "RowAtom",
    "PreviousAtom": null,
    "Elements": [
      {
        "[AtomType]": "CharAtom",
        "Character": "1",
        "TextStyle": "text",
        "IsTextSymbol": false,
        "Type": "Ordinary",
        "Source": {
          "Start": 7,
          "End": 8,
          "Length": 1,
          "Source": "\\text {1}123",
          "SourceName": "User input"
        }
      },
      {
        "[AtomType]": "CharAtom",
        "Character": "1",
        "TextStyle": null,
        "IsTextSymbol": false,
        "Type": "Ordinary",
        "Source": {
          "Start": 9,
          "End": 10,
          "Length": 1,
          "Source": "\\text {1}123",
          "SourceName": "User input"
        }
      },
      {
        "[AtomType]": "CharAtom",
        "Character": "2",
        "TextStyle": null,
        "IsTextSymbol": false,
        "Type": "Ordinary",
        "Source": {
          "Start": 10,
          "End": 11,
          "Length": 1,
          "Source": "\\text {1}123",
          "SourceName": "User input"
        }
      },
      {
        "[AtomType]": "CharAtom",
        "Character": "3",
        "TextStyle": null,
        "IsTextSymbol": false,
        "Type": "Ordinary",
        "Source": {
          "Start": 11,
          "End": 12,
          "Length": 1,
          "Source": "\\text {1}123",
          "SourceName": "User input"
        }
      }
    ],
    "Type": "Ordinary",
    "Source": {
      "Start": 0,
      "End": 12,
      "Length": 12,
      "Source": "\\text {1}123",
      "SourceName": "User input"
    }
  },
  "Source": {
    "Start": 0,
    "End": 12,
    "Length": 12,
    "Source": "\\text {1}123",
    "SourceName": "User input"
  }
}