{
  "TextStyle": null,
  "RootAtom": {
    "[AtomType]": "RowAtom",
    "PreviousAtom": null,
    "Elements": [
      {
        "[AtomType]": "BigOperatorAtom",
        "BaseAtom": {
          "[AtomType]": "RowAtom",
          "PreviousAtom": null,
          "Elements": [
            {
              "[AtomType]": "CharAtom",
              "Character": "l",
              "TextStyle": "mathrm",
              "IsTextSymbol": false,
              "Type": "Ordinary",
              "Source": {
                "Start": 8,
                "End": 9,
                "Length": 1,
                "Source": "\\mathrm{lim}",
                "SourceName": "Predefined formula fragment"
              }
            },
            {
              "[AtomType]": "CharAtom",
              "Character": "i",
              "TextStyle": "mathrm",
              "IsTextSymbol": false,
              "Type": "Ordinary",
              "Source": {
                "Start": 9,
                "End": 10,
                "Length": 1,
                "Source": "\\mathrm{lim}",
                "SourceName": "Predefined formula fragment"
              }
            },
            {
              "[AtomType]": "CharAtom",
              "Character": "m",
              "TextStyle": "mathrm",
              "IsTextSymbol": false,
              "Type": "Ordinary",
              "Source": {
                "Start": 10,
                "End": 11,
                "Length": 1,
                "Source": "\\mathrm{lim}",
                "SourceName": "Predefined formula fragment"
              }
            }
          ],
          "Type": "Ordinary",
          "Source": {
            "Start": 8,
            "End": 11,
            "Length": 3,
            "Source": "\\mathrm{lim}",
            "SourceName": "Predefined formula fragment"
          }
        },
        "LowerLimitAtom": {
          "[AtomType]": "CharAtom",
          "Character": "n",
          "TextStyle": null,
          "IsTextSymbol": false,
          "Type": "Ordinary",
          "Source": {
            "Start": 6,
            "End": 7,
            "Length": 1,
            "Source": "\\lim_{n} x",
            "SourceName": "User input"
          }
        },
        "UpperLimitAtom": null,
        "UseVerticalLimits": true,
        "Type": "BigOperator",
        "Source": {
          "Start": 8,
          "End": 9,
          "Length": 1,
          "Source": "\\lim_{n} x",
          "SourceName": "User input"
        }
      },
      {
        "[AtomType]": "CharAtom",
        "Character": "x",
        "TextStyle": null,
        "IsTextSymbol": false,
        "Type": "Ordinary",
        "Source": {
          "Start": 9,
          "End": 10,
          "Length": 1,
          "Source": "\\lim_{n} x",
          "SourceName": "User input"
        }
      }
    ],
    "Type": "Ordinary",
    "Source": {
      "Start": 0,
      "End": 10,
      "Length": 10,
      "Source": "\\lim_{n} x",
      "SourceName": "User input"
    }
  },
  "Source": {
    "Start": 0,
    "End": 10,
    "Length": 10,
    "Source": "\\lim_{n} x",
    "SourceName": "User input"
  }
}