{
  "TextStyle": null,
  "RootAtom": {
    "[AtomType]": "RowAtom",
    "PreviousAtom": null,
    "Elements": [
      {
        "[AtomType]": "UnderlinedAtom",
        "BaseAtom": {
          "[AtomType]": "CharAtom",
          "Character": "1",
          "TextStyle": null,
          "IsTextSymbol": false,
          "Type": "Ordinary",
          "Source": {
            "Start": 10,
            "End": 11,
            "Length": 1,
            "Source": "\\underline1123",
            "SourceName": "User input"
          }
        },
        "Type": "Ordinary",
        "Source": {
          "Start": 1,
          "End": 11,
          "Length": 10,
          "Source": "\\underline1123",
          "SourceName": "User input"
        }
      },
      {
        "[AtomType]": "CharAtom",
        "Character": "1",
        "TextStyle": null,
        "IsTextSymbol": false,
        "Type": "Ordinary",
        "Source": {
          "Start": 11,
          "End": 12,
          "Length": 1,
          "Source": "\\underline1123",
          "SourceName": "User input"
        }
      },
      {
        "[AtomType]": "CharAtom",
        "Character": "2",
        "TextStyle": null,
        "IsTextSymbol": false,
        "Type": "Ordinary",
        "Source": {
          "Start": 12,
          "End": 13,
          "Length": 1,
          "Source": "\\underline1123",
          "SourceName": "User input"
        }
      },
      {
        "[AtomType]": "CharAtom",
        "Character": "3",
        "TextStyle": null,
        "IsTextSymbol": false,
        "Type": "Ordinary",
        "Source": {
          "Start": 13,
          "End": 14,
          "Length": 1,
          "Source": "\\underline1123",
          "SourceName": "User input"
        }
      }
    ],
    "Type": "Ordinary",
    "Source": {
      "Start": 0,
      "End": 14,
      "Length": 14,
      "Source": "\\underline1123",
      "SourceName": "User input"
    }
  },
  "Source": {
    "Start": 0,
    "End": 14,
    "Length": 14,
    "Source": "\\underline1123",
    "SourceName": "User input"
  }
}