{
  "TextStyle": null,
  "RootAtom": {
    "[AtomType]": "RowAtom",
    "PreviousAtom": null,
    "Elements": [
      {
        "[AtomType]": "StyledAtom",
        "RowAtom": {
          "[AtomType]": "RowAtom",
          "PreviousAtom": null,
          "Elements": [
            {
              "[AtomType]": "CharAtom",
              "Character": "1",
              "TextStyle": null,
              "IsTextSymbol": false,
              "Type": "Ordinary",
              "Source": {
                "Start": 15,
                "End": 16,
                "Length": 1,
                "Source": "\\colorbox{red}{1}123",
                "SourceName": "User input"
              }
            }
          ],
          "Type": "Ordinary",
          "Source": {
            "Start": 1,
            "End": 17,
            "Length": 16,
            "Source": "\\colorbox{red}{1}123",
            "SourceName": "User input"
          }
        },
        "Background": "#FFED1B23",
        "Foreground": null,
        "Type": "Ordinary",
        "Source": {
          "Start": 1,
          "End": 17,
          "Length": 16,
          "Source": "\\colorbox{red}{1}123",
          "SourceName": "User input"
        }
      },
      {
        "[AtomType]": "CharAtom",
        "Character": "1",
        "TextStyle": null,
        "IsTextSymbol": false,
        "Type": "Ordinary",
        "Source": {
          "Start": 17,
          "End": 18,
          "Length": 1,
          "Source": "\\colorbox{red}{1}123",
          "SourceName": "User input"
        }
      },
      {
        "[AtomType]": "CharAtom",
        "Character": "2",
        "TextStyle": null,
        "IsTextSymbol": false,
        "Type": "Ordinary",
        "Source": {
          "Start": 18,
          "End": 19,
          "Length": 1,
          "Source": "\\colorbox{red}{1}123",
          "SourceName": "User input"
        }
      },
      {
        "[AtomType]": "CharAtom",
        "Character": "3",
        "TextStyle": null,
        "IsTextSymbol": false,
        "Type": "Ordinary",
        "Source": {
          "Start": 19,
          "End": 20,
          "Length": 1,
          "Source": "\\colorbox{red}{1}123",
          "SourceName": "User input"
        }
      }
    ],
    "Type": "Ordinary",
    "Source": {
      "Start": 0,
      "End": 20,
      "Length": 20,
      "Source": "\\colorbox{red}{1}123",
      "SourceName": "User input"
    }
  },
  "Source": {
    "Start": 0,
    "End": 20,
    "Length": 20,
    "Source": "\\colorbox{red}{1}123",
    "SourceName": "User input"
  }
}