{
  "TextStyle": null,
  "RootAtom": {
    "[AtomType]": "MatrixAtom",
    "MatrixCells": [
      [
        {
          "[AtomType]": "CharAtom",
          "Character": "4",
          "TextStyle": null,
          "IsTextSymbol": false,
          "Type": "Ordinary",
          "Source": {
            "Start": 8,
            "End": 9,
            "Length": 1,
            "Source": "\\matrix{4&78&3 \\\\ 5 & 9  & 82 }",
            "SourceName": "User input"
          }
        },
        {
          "[AtomType]": "RowAtom",
          "PreviousAtom": null,
          "Elements": [
            {
              "[AtomType]": "CharAtom",
              "Character": "7",
              "TextStyle": null,
              "IsTextSymbol": false,
              "Type": "Ordinary",
              "Source": {
                "Start": 10,
                "End": 11,
                "Length": 1,
                "Source": "\\matrix{4&78&3 \\\\ 5 & 9  & 82 }",
                "SourceName": "User input"
              }
            },
            {
              "[AtomType]": "CharAtom",
              "Character": "8",
              "TextStyle": null,
              "IsTextSymbol": false,
              "Type": "Ordinary",
              "Source": {
                "Start": 11,
                "End": 12,
                "Length": 1,
                "Source": "\\matrix{4&78&3 \\\\ 5 & 9  & 82 }",
                "SourceName": "User input"
              }
            }
          ],
          "Type": "Ordinary",
          "Source": {
            "Start": 8,
            "End": 12,
            "Length": 4,
            "Source": "\\matrix{4&78&3 \\\\ 5 & 9  & 82 }",
            "SourceName": "User input"
          }
        },
        {
          "[AtomType]": "CharAtom",
          "Character": "3",
          "TextStyle": null,
          "IsTextSymbol": false,
          "Type": "Ordinary",
          "Source": {
            "Start": 13,
            "End": 14,
            "Length": 1,
            "Source": "\\matrix{4&78&3 \\\\ 5 & 9  & 82 }",
            "SourceName": "User input"
          }
        }
      ],
      [
        {
          "[AtomType]": "CharAtom",
          "Character": "5",
          "TextStyle": null,
          "IsTextSymbol": false,
          "Type": "Ordinary",
          "Source": {
            "Start": 18,
            "End": 19,
            "Length": 1,
            "Source": "\\matrix{4&78&3 \\\\ 5 & 9  & 82 }",
            "SourceName": "User input"
          }
        },
        {
          "[AtomType]": "CharAtom",
          "Character": "9",
          "TextStyle": null,
          "IsTextSymbol": false,
          "Type": "Ordinary",
          "Source": {
            "Start": 22,
            "End": 23,
            "Length": 1,
            "Source": "\\matrix{4&78&3 \\\\ 5 & 9  & 82 }",
            "SourceName": "User input"
          }
        },
        {
          "[AtomType]": "RowAtom",
          "PreviousAtom": null,
          "Elements": [
            {
              "[AtomType]": "CharAtom",
              "Character": "8",
              "TextStyle": null,
              "IsTextSymbol": false,
              "Type": "Ordinary",
              "Source": {
                "Start": 27,
                "End": 28,
                "Length": 1,
                "Source": "\\matrix{4&78&3 \\\\ 5 & 9  & 82 }",
                "SourceName": "User input"
              }
            },
            {
              "[AtomType]": "CharAtom",
              "Character": "2",
              "TextStyle": null,
              "IsTextSymbol": false,
              "Type": "Ordinary",
              "Source": {
                "Start": 28,
                "End": 29,
                "Length": 1,
                "Source": "\\matrix{4&78&3 \\\\ 5 & 9  & 82 }",
                "SourceName": "User input"
              }
            }
          ],
          "Type": "Ordinary",
          "Source": {
            "Start": 8,
            "End": 30,
            "Length": 22,
            "Source": "\\matrix{4&78&3 \\\\ 5 & 9  & 82 }",
            "SourceName": "User input"
          }
        }
      ]
    ],
    "VerticalPadding": 0.35,
    "HorizontalPadding": 0.35,
    "MatrixCellAlignment": "Center",
    "Type": "Ordinary",
    "Source": {
      "Start": 1,
      "End": 31,
      "Length": 30,
      "Source": "\\matrix{4&78&3 \\\\ 5 & 9  & 82 }",
      "SourceName": "User input"
    }
  },
  "Source": {
    "Start": 0,
    "End": 31,
    "Length": 31,
    "Source": "\\matrix{4&78&3 \\\\ 5 & 9  & 82 }",
    "SourceName": "User input"
  }
}