{
  "TextStyle": null,
  "RootAtom": {
    "[AtomType]": "RowAtom",
    "PreviousAtom": null,
    "Elements": [
      {
        "[AtomType]": "CharAtom",
        "Character": "а",
        "TextStyle": "text",
        "IsTextSymbol": false,
        "Type": "Ordinary",
        "Source": {
          "Start": 6,
          "End": 7,
          "Length": 1,
          "Source": "\\text{абв}",
          "SourceName": "User input"
        }
      },
      {
        "[AtomType]": "CharAtom",
        "Character": "б",
        "TextStyle": "text",
        "IsTextSymbol": false,
        "Type": "Ordinary",
        "Source": {
          "Start": 7,
          "End": 8,
          "Length": 1,
          "Source": "\\text{абв}",
          "SourceName": "User input"
        }
      },
      {
        "[AtomType]": "CharAtom",
        "Character": "в",
        "TextStyle": "text",
        "IsTextSymbol": false,
        "Type": "Ordinary",
        "Source": {
          "Start": 8,
          "End": 9,
          "Length": 1,
          "Source": "\\text{абв}",
          "SourceName": "User input"
        }
      }
    ],
    "Type": "Ordinary",
    "Source": {
      "Start": 6,
      "End": 9,
      "Length": 3,
      "Source": "\\text{абв}",
      "SourceName": "User input"
    }
  },
  "Source": {
    "Start": 0,
    "End": 10,
    "Length": 10,
    "Source": "\\text{абв}",
    "SourceName": "User input"
  }
}