{
  "TextStyle": null,
  "RootAtom": {
    "[AtomType]": "StyledAtom",
    "RowAtom": {
      "[AtomType]": "RowAtom",
      "PreviousAtom": null,
      "Elements": [
        {
          "[AtomType]": "CharAtom",
          "Character": "x",
          "TextStyle": null,
          "IsTextSymbol": false,
          "Type": "Ordinary",
          "Source": {
            "Start": 38,
            "End": 39,
            "Length": 1,
            "Source": "\\colorbox [cmyk] {0.5, 0.5, 0.5, 0.5} x",
            "SourceName": "User input"
          }
        }
      ],
      "Type": "Ordinary",
      "Source": {
        "Start": 1,
        "End": 39,
        "Length": 38,
        "Source": "\\colorbox [cmyk] {0.5, 0.5, 0.5, 0.5} x",
        "SourceName": "User input"
      }
    },
    "Background": "#FF404040",
    "Foreground": null,
    "Type": "Ordinary",
    "Source": {
      "Start": 1,
      "End": 39,
      "Length": 38,
      "Source": "\\colorbox [cmyk] {0.5, 0.5, 0.5, 0.5} x",
      "SourceName": "User input"
    }
  },
  "Source": {
    "Start": 0,
    "End": 39,
    "Length": 39,
    "Source": "\\colorbox [cmyk] {0.5, 0.5, 0.5, 0.5} x",
    "SourceName": "User input"
  }
}