{
  "TextStyle": null,
  "RootAtom": {
    "[AtomType]": "ScriptsAtom",
    "BaseAtom": {
      "[AtomType]": "CharAtom",
      "Character": "x",
      "TextStyle": null,
      "IsTextSymbol": false,
      "Type": "Ordinary",
      "Source": {
        "Start": 0,
        "End": 1,
        "Length": 1,
        "Source": "x^{y}_{z}",
        "SourceName": "User input"
      }
    },
    "SubscriptAtom": {
      "[AtomType]": "CharAtom",
      "Character": "z",
      "TextStyle": null,
      "IsTextSymbol": false,
      "Type": "Ordinary",
      "Source": {
        "Start": 7,
        "End": 8,
        "Length": 1,
        "Source": "x^{y}_{z}",
        "SourceName": "User input"
      }
    },
    "SuperscriptAtom": {
      "[AtomType]": "CharAtom",
      "Character": "y",
      "TextStyle": null,
      "IsTextSymbol": false,
      "Type": "Ordinary",
      "Source": {
        "Start": 3,
        "End": 4,
        "Length": 1,
        "Source": "x^{y}_{z}",
        "SourceName": "User input"
      }
    },
    "Type": "Ordinary",
    "Source": {
      "Start": 1,
      "End": 9,
      "Length": 8,
      "Source": "x^{y}_{z}",
      "SourceName": "User input"
    }
  },
  "Source": {
    "Start": 0,
    "End": 9,
    "Length": 9,
    "Source": "x^{y}_{z}",
    "SourceName": "User input"
  }
}