{
  "TextStyle": null,
  "RootAtom": {
    "[AtomType]": "RowAtom",
    "PreviousAtom": null,
    "Elements": [
      {
        "[AtomType]": "TypedAtom",
        "Atom": {
          "[AtomType]": "BigOperatorAtom",
          "BaseAtom": {
            "[AtomType]": "RowAtom",
            "PreviousAtom": null,
            "Elements": [
              {
                "[AtomType]": "CharAtom",
                "Character": "l",
                "TextStyle": "mathrm",
                "IsTextSymbol": false,
                "Type": "Ordinary",
                "Source": {
                  "Start": 8,
                  "End": 9,
                  "Length": 1,
                  "Source": "\\mathrm{lim}",
                  "SourceName": "Predefined formula fragment"
                }
              },
              {
                "[AtomType]": "CharAtom",
                "Character": "i",
                "TextStyle": "mathrm",
                "IsTextSymbol": false,
                "Type": "Ordinary",
                "Source": {
                  "Start": 9,
                  "End": 10,
                  "Length": 1,
                  "Source": "\\mathrm{lim}",
                  "SourceName": "Predefined formula fragment"
                }
              },
              {
                "[AtomType]": "CharAtom",
                "Character": "m",
                "TextStyle": "mathrm",
                "IsTextSymbol": false,
                "Type": "Ordinary",
                "Source": {
                  "Start": 10,
                  "End": 11,
                  "Length": 1,
                  "Source": "\\mathrm{lim}",
                  "SourceName": "Predefined formula fragment"
                }
              }
            ],
            "Type": "Ordinary",
            "Source": {
              "Start": 8,
              "End": 11,
              "Length": 3,
              "Source": "\\mathrm{lim}",
              "SourceName": "Predefined formula fragment"
            }
          },
          "LowerLimitAtom": null,
          "UpperLimitAtom": null,
          "UseVerticalLimits": true,
          "Type": "BigOperator",
          "Source": {
            "Start": 8,
            "End": 11,
            "Length": 3,
            "Source": "\\mathrm{lim}",
            "SourceName": "Predefined formula fragment"
          }
        },
        "LeftType": "Ordinary",
        "RightType": "Ordinary",
        "Type": "Ordinary",
        "Source": {
          "Start": 8,
          "End": 11,
          "Length": 3,
          "Source": "\\mathrm{lim}",
          "SourceName": "Predefined formula fragment"
        }
      },
      {
        "[AtomType]": "CharAtom",
        "Character": "x",
        "TextStyle": null,
        "IsTextSymbol": false,
        "Type": "Ordinary",
        "Source": {
          "Start": 7,
          "End": 8,
          "Length": 1,
          "Source": "{\\lim} x",
          "SourceName": "User input"
        }
      }
    ],
    "Type": "Ordinary",
    "Source": {
      "Start": 0,
      "End": 8,
      "Length": 8,
      "Source": "{\\lim} x",
      "SourceName": "User input"
    }
  },
  "Source": {
    "Start": 0,
    "End": 8,
    "Length": 8,
    "Source": "{\\lim} x",
    "SourceName": "User input"
  }
}