{
  "TextStyle": null,
  "RootAtom": {
    "[AtomType]": "StyledAtom",
    "RowAtom": {
      "[AtomType]": "RowAtom",
      "PreviousAtom": null,
      "Elements": [
        {
          "[AtomType]": "CharAtom",
          "Character": "x",
          "TextStyle": null,
          "IsTextSymbol": false,
          "Type": "Ordinary",
          "Source": {
            "Start": 13,
            "End": 14,
            "Length": 1,
            "Source": "\\color {red} x",
            "SourceName": "User input"
          }
        }
      ],
      "Type": "Ordinary",
      "Source": {
        "Start": 1,
        "End": 14,
        "Length": 13,
        "Source": "\\color {red} x",
        "SourceName": "User input"
      }
    },
    "Background": null,
    "Foreground": "#FFED1B23",
    "Type": "Ordinary",
    "Source": {
      "Start": 1,
      "End": 14,
      "Length": 13,
      "Source": "\\color {red} x",
      "SourceName": "User input"
    }
  },
  "Source": {
    "Start": 0,
    "End": 14,
    "Length": 14,
    "Source": "\\color {red} x",
    "SourceName": "User input"
  }
}